// Jest Snapshot v1, https://goo.gl/fbAQLP

exports[`renders without crashing 1`] = `
<div
  className="balance-box"
>
  <img
    alt="PalPay Logo"
    className="mx-auto flex h-[80%] w-[80%] justify-center"
    src="PalPay.png"
  />
  <h1>
    Welcome to PalPay!
  </h1>
  <h2>
    Your balance is:
  </h2>
  <strong
    aria-label="balance"
  >
    Â£
    100
  </strong>
  <h3>
    How much would you like to transfer?
  </h3>
  <input
    aria-label="amount"
    className="my-2 mx-auto justify-center rounded-full border py-1 px-2 text-center"
    id="amount"
    onChange={[Function]}
    value=""
  />
  <button
    className="center mx-auto max-w-fit content-center items-center justify-center rounded-full bg-pink-400 px-4 py-2 text-center font-bold text-white hover:bg-pink-600"
    onClick={[Function]}
    type="button"
  >
    Send
  </button>
  <p
    aria-label="message"
    className="pt-2"
  />
</div>
`;
